=== (A) проверка предела Кулсона (порог d>=1) ===
k=8: max d = 0.774597  < 1
k=9: max d = 0.618858  < 1
k=10: max d = 0.749338  < 1
k=11: max d = 0.681937  < 1
k=12: max d = 0.859076  < 1
k=13: max d = 0.796966  < 1
k=14: max d = 0.900428  < 1
k=15: max d = 1.026581  >=1 !!!
=== (B) интервальные ширины k=15..50 ===
k=15: max d = 1.026593
k=16: max d = 1.029728
k=17: max d = 1.064440
k=18: max d = 1.065921
k=19: max d = 1.122256
k=20: max d = 1.171811
k=21: max d = 1.262783
k=22: max d = 1.182875
k=23: max d = 1.252793
k=24: max d = 1.360735
k=25: max d = 1.281136
k=26: max d = 1.317719
k=27: max d = 1.549193
k=28: max d = 1.427532
k=29: max d = 1.344699
k=30: max d = 1.516702
k=31: max d = 1.407725
k=32: max d = 1.581139
k=33: max d = 1.551338
k=34: max d = 1.516342
k=35: max d = 1.578558
k=36: max d = 1.680863
k=37: max d = 1.610981
k=38: max d = 1.661602
k=39: max d = 1.733126
k=40: max d = 1.821620
k=41: max d = 1.753901
k=42: max d = 1.826802
k=43: max d = 1.809008
k=44: max d = 1.781945
k=45: max d = 1.864699
k=46: max d = 1.851827
k=47: max d = 1.852326
k=48: max d = 1.894148
k=49: max d = 1.913804
k=50: max d = 1.900097
DONE
